// Jest Snapshot v1, https://goo.gl/fbAQLP

exports[`iam-user Snapshot tests Snapshot tests 1`] = `
Object {
  "Parameters": Object {
    "BootstrapVersion": Object {
      "Default": "/cdk-bootstrap/hnb659fds/version",
      "Description": "Version of the CDK Bootstrap resources in this environment, automatically retrieved from SSM Parameter Store. [cdk:skip]",
      "Type": "AWS::SSM::Parameter::Value<String>",
    },
  },
  "Resources": Object {
    "codebuildrun39D7E2A1": Object {
      "Properties": Object {
        "PolicyDocument": Object {
          "Statement": Array [
            Object {
              "Action": Array [
                "codebuild:BatchGetBuilds",
                "codebuild:StartBuild",
              ],
              "Effect": "Allow",
              "Resource": Object {
                "Fn::Join": Array [
                  "",
                  Array [
                    "arn:aws:codebuild:",
                    Object {
                      "Ref": "AWS::Region",
                    },
                    ":",
                    Object {
                      "Ref": "AWS::AccountId",
                    },
                    ":project/*",
                  ],
                ],
              },
            },
            Object {
              "Action": "logs:GetLogEvents",
              "Effect": "Allow",
              "Resource": Object {
                "Fn::Join": Array [
                  "",
                  Array [
                    "arn:aws:logs:",
                    Object {
                      "Ref": "AWS::Region",
                    },
                    ":",
                    Object {
                      "Ref": "AWS::AccountId",
                    },
                    ":log-group:/aws/codebuild/*:*",
                  ],
                ],
              },
            },
          ],
          "Version": "2012-10-17",
        },
        "PolicyName": "codebuild-run",
        "Users": Array [
          Object {
            "Ref": "githubactions1B4FC73C",
          },
        ],
      },
      "Type": "AWS::IAM::Policy",
    },
    "githubactions1B4FC73C": Object {
      "Properties": Object {
        "UserName": "githubactions",
      },
      "Type": "AWS::IAM::User",
    },
  },
  "Rules": Object {
    "CheckBootstrapVersion": Object {
      "Assertions": Array [
        Object {
          "Assert": Object {
            "Fn::Not": Array [
              Object {
                "Fn::Contains": Array [
                  Array [
                    "1",
                    "2",
                    "3",
                    "4",
                    "5",
                  ],
                  Object {
                    "Ref": "BootstrapVersion",
                  },
                ],
              },
            ],
          },
          "AssertDescription": "CDK bootstrap stack version 6 required. Please run 'cdk bootstrap' with a recent version of the CDK CLI.",
        },
      ],
    },
  },
}
`;
